// Jest Snapshot v1, https://goo.gl/fbAQLP

exports[`matches snapshot 1`] = `
<DocumentFragment>
  <div
    class="BoxList"
  >
    <div>
      <form>
        <div>
          <label
            for="width"
          >
            Box Width
          </label>
          <input
            id="width"
            name="width"
            type="text"
            value="200"
          />
        </div>
        <div>
          <label
            for="height"
          >
            Box Height
          </label>
          <input
            id="height"
            name="height"
            type="text"
            value="200"
          />
        </div>
        <div>
          <label
            for="backgroundColor"
          >
            Box Color
          </label>
          <input
            id="backgroundColor"
            name="backgroundColor"
            type="text"
            value="black"
          />
        </div>
        <button
          id="newBoxButton"
        >
          Add!
        </button>
      </form>
    </div>
  </div>
</DocumentFragment>
`;
